******************************************************************************
                  TI ARM Linker PC v15.12.1                    
******************************************************************************
>> Linked Fri Jan 20 15:16:45 2017

OUTPUT FILE NAME:   <Padlock.out>
ENTRY POINT SYMBOL: "_c_int00"  address: 000005d1


MEMORY CONFIGURATION

         name            origin    length      used     unused   attr    fill
----------------------  --------  ---------  --------  --------  ----  --------
  MAIN                  00000000   00040000  0000070a  0003f8f6  R  X
  INFO                  00200000   00004000  00000000  00004000  R  X
  SRAM_CODE             01000000   00010000  0000001c  0000ffe4  RW X
  SRAM_DATA             20000000   00010000  0000001c  0000ffe4  RW  


SEGMENT ALLOCATION MAP

run origin  load origin   length   init length attrs members
----------  ----------- ---------- ----------- ----- -------
00000000    00000000    0000070a   0000070a    r-x
  00000000    00000000    00000140   00000140    r-- .intvecs
  00000140    00000140    000005ca   000005ca    r-x .text
20000000    20000000    0000001c   0000001c    rw-
  20000000    20000000    0000001c   0000001c    rw- .data


SECTION ALLOCATION MAP

 output                                  attributes/
section   page    origin      length       input sections
--------  ----  ----------  ----------   ----------------
.intvecs   0    00000000    00000140     
                  00000000    00000140     startup_msp432p401r_ccs.obj (.intvecs:retain)

.binit     0    00000000    00000000     

.text      0    00000140    000005ca     
                  00000140    00000328     system_msp432p401r.obj (.text)
                  00000468    0000009c     rtsv7M4_T_le_v4SPD16_eabi.lib : memcpy_t2.obj (.text)
                  00000504    00000070                                   : autoinit.obj (.text)
                  00000574    0000005c     main.obj (.text)
                  000005d0    00000054     rtsv7M4_T_le_v4SPD16_eabi.lib : boot.obj (.text)
                  00000624    00000054                                   : exit.obj (.text)
                  00000678    0000004c                                   : cpy_tbl.obj (.text)
                  000006c4    00000018                                   : args_main.obj (.text)
                  000006dc    00000014                                   : _lock.obj (.text)
                  000006f0    00000012     startup_msp432p401r_ccs.obj (.text)
                  00000702    00000004     rtsv7M4_T_le_v4SPD16_eabi.lib : pre_init.obj (.text)
                  00000706    00000002                                   : mpu_init.obj (.text)
                  00000708    00000002                                   : startup.obj (.text)

.cinit     0    00000000    00000000     UNINITIALIZED

.init_array 
*          0    00000000    00000000     UNINITIALIZED

.data      0    20000000    0000001c     
                  20000000    0000000c     rtsv7M4_T_le_v4SPD16_eabi.lib : exit.obj (.data:$O1$$)
                  2000000c    00000008                                   : _lock.obj (.data:$O1$$)
                  20000014    00000004                                   : stkdepth_vars.obj (.data)
                  20000018    00000004     system_msp432p401r.obj (.data)

.stack     0    20010000    00000000     UNINITIALIZED

MODULE SUMMARY

       Module                        code   ro data   rw data
       ------                        ----   -------   -------
    .\
       system_msp432p401r.obj        808    0         8      
       startup_msp432p401r_ccs.obj   18     320       0      
       main.obj                      92     0         0      
    +--+-----------------------------+------+---------+---------+
       Total:                        918    320       8      
                                                             
    D:\local\ti\ccsv6\tools\compiler\ti-cgt-arm_15.12.1.LTS\lib\rtsv7M4_T_le_v4SPD16_eabi.lib
       memcpy_t2.obj                 156    0         0      
       autoinit.obj                  112    0         0      
       exit.obj                      84     0         24     
       boot.obj                      84     0         0      
       cpy_tbl.obj                   76     0         0      
       _lock.obj                     20     0         16     
       args_main.obj                 24     0         0      
       stkdepth_vars.obj             0      0         8      
       pre_init.obj                  4      0         0      
       mpu_init.obj                  2      0         0      
       startup.obj                   2      0         0      
    +--+-----------------------------+------+---------+---------+
       Total:                        564    0         48     
                                                             
    +--+-----------------------------+------+---------+---------+
       Grand Total:                  1482   320       56     


GLOBAL SYMBOLS: SORTED ALPHABETICALLY BY Name 

address   name                           
-------   ----                           
00000625  C$$EXIT                        
UNDEFED   SHT$$INIT_ARRAY$$Base          
UNDEFED   SHT$$INIT_ARRAY$$Limit         
20000018  SystemCoreClock                
00000141  SystemCoreClockUpdate          
000003b5  SystemInit                     
4000480c  WDTCTL_SYM                     
20010000  __STACK_END                    
00000000  __STACK_SIZE                   
UNDEFED   __TI_CINIT_Base                
UNDEFED   __TI_CINIT_Limit               
UNDEFED   __TI_Handler_Table_Base        
UNDEFED   __TI_Handler_Table_Limit       
00000505  __TI_auto_init                 
20000000  __TI_cleanup_ptr               
20000004  __TI_dtors_ptr                 
20000008  __TI_enable_exit_profile_output
ffffffff  __TI_pprof_out_hndl            
ffffffff  __TI_prof_data_size            
ffffffff  __TI_prof_data_start           
00000000  __TI_static_base__             
00000469  __aeabi_memcpy                 
00000469  __aeabi_memcpy4                
00000469  __aeabi_memcpy8                
ffffffff  __binit__                      
ffffffff  __c_args__                     
00000707  __mpu_init                     
20010000  __stack                        
000006c5  _args_main                     
000005d1  _c_int00                       
2000000c  _lock                          
000006eb  _nop                           
000006e3  _register_lock                 
000006dd  _register_unlock               
00000709  _system_post_cinit             
00000703  _system_pre_init               
20000010  _unlock                        
00000629  abort                          
ffffffff  binit                          
00000679  copy_in                        
00000631  exit                           
00000000  interruptVectors               
00000575  main                           
20000014  main_func_sp                   
00000469  memcpy                         


GLOBAL SYMBOLS: SORTED BY Symbol Address 

address   name                           
-------   ----                           
00000000  __STACK_SIZE                   
00000000  __TI_static_base__             
00000000  interruptVectors               
00000141  SystemCoreClockUpdate          
000003b5  SystemInit                     
00000469  __aeabi_memcpy                 
00000469  __aeabi_memcpy4                
00000469  __aeabi_memcpy8                
00000469  memcpy                         
00000505  __TI_auto_init                 
00000575  main                           
000005d1  _c_int00                       
00000625  C$$EXIT                        
00000629  abort                          
00000631  exit                           
00000679  copy_in                        
000006c5  _args_main                     
000006dd  _register_unlock               
000006e3  _register_lock                 
000006eb  _nop                           
00000703  _system_pre_init               
00000707  __mpu_init                     
00000709  _system_post_cinit             
20000000  __TI_cleanup_ptr               
20000004  __TI_dtors_ptr                 
20000008  __TI_enable_exit_profile_output
2000000c  _lock                          
20000010  _unlock                        
20000014  main_func_sp                   
20000018  SystemCoreClock                
20010000  __STACK_END                    
20010000  __stack                        
4000480c  WDTCTL_SYM                     
ffffffff  __TI_pprof_out_hndl            
ffffffff  __TI_prof_data_size            
ffffffff  __TI_prof_data_start           
ffffffff  __binit__                      
ffffffff  __c_args__                     
ffffffff  binit                          
UNDEFED   SHT$$INIT_ARRAY$$Base          
UNDEFED   SHT$$INIT_ARRAY$$Limit         
UNDEFED   __TI_CINIT_Base                
UNDEFED   __TI_CINIT_Limit               
UNDEFED   __TI_Handler_Table_Base        
UNDEFED   __TI_Handler_Table_Limit       

[45 symbols]
